// Jest Snapshot v1, https://goo.gl/fbAQLP

exports[`Navbar should render correctly with no props 1`] = `
<Route>
  <Component />
</Route>
`;
